------------------------------------------------------------
Timing Analyzer Summary
------------------------------------------------------------

Type  : Slow 1200mV 85C Model Setup 'clk2'
Slack : -4.501
TNS   : -72.016

Type  : Slow 1200mV 85C Model Setup 'altpll_component|auto_generated|pll1|clk[2]'
Slack : -3.981
TNS   : -344.063

Type  : Slow 1200mV 85C Model Setup 'clk1'
Slack : -3.762
TNS   : -18.174

Type  : Slow 1200mV 85C Model Setup 'altpll_component|auto_generated|pll1|clk[0]'
Slack : -0.142
TNS   : -0.599

Type  : Slow 1200mV 85C Model Setup 'altpll_component|auto_generated|pll1|clk[3]'
Slack : 0.320
TNS   : 0.000

Type  : Slow 1200mV 85C Model Setup 'altpll_component|auto_generated|pll1|clk[1]'
Slack : 3.329
TNS   : 0.000

Type  : Slow 1200mV 85C Model Hold 'altpll_component|auto_generated|pll1|clk[2]'
Slack : 0.399
TNS   : 0.000

Type  : Slow 1200mV 85C Model Hold 'altpll_component|auto_generated|pll1|clk[0]'
Slack : 0.451
TNS   : 0.000

Type  : Slow 1200mV 85C Model Hold 'altpll_component|auto_generated|pll1|clk[3]'
Slack : 0.451
TNS   : 0.000

Type  : Slow 1200mV 85C Model Hold 'altpll_component|auto_generated|pll1|clk[1]'
Slack : 0.464
TNS   : 0.000

Type  : Slow 1200mV 85C Model Hold 'clk2'
Slack : 0.760
TNS   : 0.000

Type  : Slow 1200mV 85C Model Hold 'clk1'
Slack : 1.089
TNS   : 0.000

Type  : Slow 1200mV 85C Model Recovery 'clk1'
Slack : -6.285
TNS   : -13.245

Type  : Slow 1200mV 85C Model Recovery 'clk2'
Slack : -4.295
TNS   : -4.295

Type  : Slow 1200mV 85C Model Recovery 'altpll_component|auto_generated|pll1|clk[2]'
Slack : -4.169
TNS   : -4.169

Type  : Slow 1200mV 85C Model Recovery 'altpll_component|auto_generated|pll1|clk[0]'
Slack : 9.284
TNS   : 0.000

Type  : Slow 1200mV 85C Model Removal 'altpll_component|auto_generated|pll1|clk[0]'
Slack : 1.291
TNS   : 0.000

Type  : Slow 1200mV 85C Model Removal 'clk2'
Slack : 2.274
TNS   : 0.000

Type  : Slow 1200mV 85C Model Removal 'altpll_component|auto_generated|pll1|clk[2]'
Slack : 2.284
TNS   : 0.000

Type  : Slow 1200mV 85C Model Removal 'clk1'
Slack : 2.715
TNS   : 0.000

Type  : Slow 1200mV 85C Model Minimum Pulse Width 'altpll_component|auto_generated|pll1|clk[3]'
Slack : 3.047
TNS   : 0.000

Type  : Slow 1200mV 85C Model Minimum Pulse Width 'altpll_component|auto_generated|pll1|clk[1]'
Slack : 3.059
TNS   : 0.000

Type  : Slow 1200mV 85C Model Minimum Pulse Width 'altpll_component|auto_generated|pll1|clk[2]'
Slack : 6.293
TNS   : 0.000

Type  : Slow 1200mV 85C Model Minimum Pulse Width 'altpll_component|auto_generated|pll1|clk[0]'
Slack : 6.421
TNS   : 0.000

Type  : Slow 1200mV 85C Model Minimum Pulse Width 'clk2'
Slack : 9.758
TNS   : 0.000

Type  : Slow 1200mV 85C Model Minimum Pulse Width 'clk1'
Slack : 41.425
TNS   : 0.000

Type  : Slow 1200mV 0C Model Setup 'clk2'
Slack : -4.508
TNS   : -72.128

Type  : Slow 1200mV 0C Model Setup 'clk1'
Slack : -3.812
TNS   : -18.418

Type  : Slow 1200mV 0C Model Setup 'altpll_component|auto_generated|pll1|clk[2]'
Slack : -3.485
TNS   : -34.884

Type  : Slow 1200mV 0C Model Setup 'altpll_component|auto_generated|pll1|clk[3]'
Slack : 0.794
TNS   : 0.000

Type  : Slow 1200mV 0C Model Setup 'altpll_component|auto_generated|pll1|clk[0]'
Slack : 0.918
TNS   : 0.000

Type  : Slow 1200mV 0C Model Setup 'altpll_component|auto_generated|pll1|clk[1]'
Slack : 3.544
TNS   : 0.000

Type  : Slow 1200mV 0C Model Hold 'altpll_component|auto_generated|pll1|clk[2]'
Slack : 0.380
TNS   : 0.000

Type  : Slow 1200mV 0C Model Hold 'altpll_component|auto_generated|pll1|clk[0]'
Slack : 0.399
TNS   : 0.000

Type  : Slow 1200mV 0C Model Hold 'altpll_component|auto_generated|pll1|clk[3]'
Slack : 0.400
TNS   : 0.000

Type  : Slow 1200mV 0C Model Hold 'altpll_component|auto_generated|pll1|clk[1]'
Slack : 0.416
TNS   : 0.000

Type  : Slow 1200mV 0C Model Hold 'clk2'
Slack : 0.704
TNS   : 0.000

Type  : Slow 1200mV 0C Model Hold 'clk1'
Slack : 0.974
TNS   : 0.000

Type  : Slow 1200mV 0C Model Recovery 'clk1'
Slack : -6.143
TNS   : -13.181

Type  : Slow 1200mV 0C Model Recovery 'clk2'
Slack : -4.304
TNS   : -4.304

Type  : Slow 1200mV 0C Model Recovery 'altpll_component|auto_generated|pll1|clk[2]'
Slack : -3.580
TNS   : -3.580

Type  : Slow 1200mV 0C Model Recovery 'altpll_component|auto_generated|pll1|clk[0]'
Slack : 9.582
TNS   : 0.000

Type  : Slow 1200mV 0C Model Removal 'altpll_component|auto_generated|pll1|clk[0]'
Slack : 1.167
TNS   : 0.000

Type  : Slow 1200mV 0C Model Removal 'altpll_component|auto_generated|pll1|clk[2]'
Slack : 2.044
TNS   : 0.000

Type  : Slow 1200mV 0C Model Removal 'clk2'
Slack : 2.265
TNS   : 0.000

Type  : Slow 1200mV 0C Model Removal 'clk1'
Slack : 2.500
TNS   : 0.000

Type  : Slow 1200mV 0C Model Minimum Pulse Width 'altpll_component|auto_generated|pll1|clk[3]'
Slack : 3.020
TNS   : 0.000

Type  : Slow 1200mV 0C Model Minimum Pulse Width 'altpll_component|auto_generated|pll1|clk[1]'
Slack : 3.062
TNS   : 0.000

Type  : Slow 1200mV 0C Model Minimum Pulse Width 'altpll_component|auto_generated|pll1|clk[2]'
Slack : 6.305
TNS   : 0.000

Type  : Slow 1200mV 0C Model Minimum Pulse Width 'altpll_component|auto_generated|pll1|clk[0]'
Slack : 6.427
TNS   : 0.000

Type  : Slow 1200mV 0C Model Minimum Pulse Width 'clk2'
Slack : 9.749
TNS   : 0.000

Type  : Slow 1200mV 0C Model Minimum Pulse Width 'clk1'
Slack : 41.417
TNS   : 0.000

Type  : Fast 1200mV 0C Model Setup 'clk2'
Slack : -2.049
TNS   : -32.784

Type  : Fast 1200mV 0C Model Setup 'altpll_component|auto_generated|pll1|clk[2]'
Slack : -1.969
TNS   : -2.992

Type  : Fast 1200mV 0C Model Setup 'clk1'
Slack : -1.257
TNS   : -5.873

Type  : Fast 1200mV 0C Model Setup 'altpll_component|auto_generated|pll1|clk[3]'
Slack : 4.031
TNS   : 0.000

Type  : Fast 1200mV 0C Model Setup 'altpll_component|auto_generated|pll1|clk[0]'
Slack : 4.291
TNS   : 0.000

Type  : Fast 1200mV 0C Model Setup 'altpll_component|auto_generated|pll1|clk[1]'
Slack : 5.078
TNS   : 0.000

Type  : Fast 1200mV 0C Model Hold 'altpll_component|auto_generated|pll1|clk[2]'
Slack : 0.137
TNS   : 0.000

Type  : Fast 1200mV 0C Model Hold 'altpll_component|auto_generated|pll1|clk[1]'
Slack : 0.178
TNS   : 0.000

Type  : Fast 1200mV 0C Model Hold 'altpll_component|auto_generated|pll1|clk[0]'
Slack : 0.185
TNS   : 0.000

Type  : Fast 1200mV 0C Model Hold 'altpll_component|auto_generated|pll1|clk[3]'
Slack : 0.186
TNS   : 0.000

Type  : Fast 1200mV 0C Model Hold 'clk2'
Slack : 0.303
TNS   : 0.000

Type  : Fast 1200mV 0C Model Hold 'clk1'
Slack : 0.424
TNS   : 0.000

Type  : Fast 1200mV 0C Model Recovery 'clk1'
Slack : -2.591
TNS   : -4.723

Type  : Fast 1200mV 0C Model Recovery 'clk2'
Slack : -1.929
TNS   : -1.929

Type  : Fast 1200mV 0C Model Recovery 'altpll_component|auto_generated|pll1|clk[2]'
Slack : -1.600
TNS   : -1.600

Type  : Fast 1200mV 0C Model Recovery 'altpll_component|auto_generated|pll1|clk[0]'
Slack : 11.526
TNS   : 0.000

Type  : Fast 1200mV 0C Model Removal 'altpll_component|auto_generated|pll1|clk[0]'
Slack : 0.534
TNS   : 0.000

Type  : Fast 1200mV 0C Model Removal 'clk2'
Slack : 0.825
TNS   : 0.000

Type  : Fast 1200mV 0C Model Removal 'clk1'
Slack : 0.876
TNS   : 0.000

Type  : Fast 1200mV 0C Model Removal 'altpll_component|auto_generated|pll1|clk[2]'
Slack : 1.000
TNS   : 0.000

Type  : Fast 1200mV 0C Model Minimum Pulse Width 'altpll_component|auto_generated|pll1|clk[1]'
Slack : 3.150
TNS   : 0.000

Type  : Fast 1200mV 0C Model Minimum Pulse Width 'altpll_component|auto_generated|pll1|clk[3]'
Slack : 3.150
TNS   : 0.000

Type  : Fast 1200mV 0C Model Minimum Pulse Width 'altpll_component|auto_generated|pll1|clk[2]'
Slack : 6.483
TNS   : 0.000

Type  : Fast 1200mV 0C Model Minimum Pulse Width 'altpll_component|auto_generated|pll1|clk[0]'
Slack : 6.484
TNS   : 0.000

Type  : Fast 1200mV 0C Model Minimum Pulse Width 'clk2'
Slack : 9.446
TNS   : 0.000

Type  : Fast 1200mV 0C Model Minimum Pulse Width 'clk1'
Slack : 41.112
TNS   : 0.000

------------------------------------------------------------
