Flow report for or1420SingleCore
Mon Jun  3 15:47:16 2024
Quartus Prime Version 23.1std.0 Build 991 11/28/2023 SC Lite Edition


---------------------
; Table of Contents ;
---------------------
  1. Legal Notice
  2. Flow Summary
  3. Flow Settings
  4. Flow Non-Default Global Settings
  5. Flow Elapsed Time
  6. Flow OS Summary
  7. Flow Log
  8. Flow Messages
  9. Flow Suppressed Messages



----------------
; Legal Notice ;
----------------
Copyright (C) 2023  Intel Corporation. All rights reserved.
Your use of Intel Corporation's design tools, logic functions 
and other software and tools, and any partner logic 
functions, and any output files from any of the foregoing 
(including device programming or simulation files), and any 
associated documentation or information are expressly subject 
to the terms and conditions of the Intel Program License 
Subscription Agreement, the Intel Quartus Prime License Agreement,
the Intel FPGA IP License Agreement, or other applicable license
agreement, including, without limitation, that your use is for
the sole purpose of programming logic devices manufactured by
Intel and sold by Intel or its authorized distributors.  Please
refer to the applicable agreement for further details, at
https://fpgasoftware.intel.com/eula.



+-------------------------------------------------------------------------------------+
; Flow Summary                                                                        ;
+------------------------------------+------------------------------------------------+
; Flow Status                        ; Successful - Mon Jun  3 15:47:00 2024          ;
; Quartus Prime Version              ; 23.1std.0 Build 991 11/28/2023 SC Lite Edition ;
; Revision Name                      ; or1420SingleCore                               ;
; Top-level Entity Name              ; or1420SingleCore                               ;
; Family                             ; Cyclone IV E                                   ;
; Device                             ; EP4CE30F23C8                                   ;
; Timing Models                      ; Final                                          ;
; Total logic elements               ; 12,890 / 28,848 ( 45 % )                       ;
;     Total combinational functions  ; 11,887 / 28,848 ( 41 % )                       ;
;     Dedicated logic registers      ; 6,533 / 28,848 ( 23 % )                        ;
; Total registers                    ; 6533                                           ;
; Total pins                         ; 113 / 329 ( 34 % )                             ;
; Total virtual pins                 ; 0                                              ;
; Total memory bits                  ; 290,976 / 608,256 ( 48 % )                     ;
; Embedded Multiplier 9-bit elements ; 9 / 132 ( 7 % )                                ;
; Total PLLs                         ; 1 / 4 ( 25 % )                                 ;
+------------------------------------+------------------------------------------------+


+-----------------------------------------+
; Flow Settings                           ;
+-------------------+---------------------+
; Option            ; Setting             ;
+-------------------+---------------------+
; Start date & time ; 06/03/2024 15:43:14 ;
; Main task         ; Compilation         ;
; Revision Name     ; or1420SingleCore    ;
+-------------------+---------------------+


+----------------------------------------------------------------------------------------------------+
; Flow Non-Default Global Settings                                                                   ;
+-----------------------+---------------------------------+---------------+-------------+------------+
; Assignment Name       ; Value                           ; Default Value ; Entity Name ; Section Id ;
+-----------------------+---------------------------------+---------------+-------------+------------+
; COMPILER_SIGNATURE_ID ; 163719715065700.171742219409449 ; --            ; --          ; --         ;
+-----------------------+---------------------------------+---------------+-------------+------------+


+--------------------------------------------------------------------------------------------------------------------------+
; Flow Elapsed Time                                                                                                        ;
+----------------------+--------------+-------------------------+---------------------+------------------------------------+
; Module Name          ; Elapsed Time ; Average Processors Used ; Peak Virtual Memory ; Total CPU Time (on all processors) ;
+----------------------+--------------+-------------------------+---------------------+------------------------------------+
; Analysis & Synthesis ; 00:01:11     ; 1.0                     ; 595 MB              ; 00:01:34                           ;
; Fitter               ; 00:02:22     ; 1.2                     ; 1396 MB             ; 00:04:46                           ;
; Assembler            ; 00:00:04     ; 1.0                     ; 402 MB              ; 00:00:03                           ;
; Timing Analyzer      ; 00:00:14     ; 1.6                     ; 709 MB              ; 00:00:20                           ;
; Total                ; 00:03:51     ; --                      ; --                  ; 00:06:43                           ;
+----------------------+--------------+-------------------------+---------------------+------------------------------------+


+---------------------------------------------------------------------------------------+
; Flow OS Summary                                                                       ;
+----------------------+------------------+---------------+------------+----------------+
; Module Name          ; Machine Hostname ; OS Name       ; OS Version ; Processor type ;
+----------------------+------------------+---------------+------------+----------------+
; Analysis & Synthesis ; pop-os           ; Pop!_OS 22.04 ; 22         ; x86_64         ;
; Fitter               ; pop-os           ; Pop!_OS 22.04 ; 22         ; x86_64         ;
; Assembler            ; pop-os           ; Pop!_OS 22.04 ; 22         ; x86_64         ;
; Timing Analyzer      ; pop-os           ; Pop!_OS 22.04 ; 22         ; x86_64         ;
+----------------------+------------------+---------------+------------+----------------+


------------
; Flow Log ;
------------
quartus_map --family="Cyclone IV E" or1420SingleCore
quartus_fit --part=EP4CE30F23C8 --set="FITTER_EFFORT=STANDARD FIT" --set=SMART_RECOMPILE=ON --set=CYCLONE_OPTIMIZATION_TECHNIQUE=SPEED --set="RESERVE_ALL_UNUSED_PINS=AS INPUT TRI-STATED" --set=MUX_RESTRUCTURE=OFF --set=PHYSICAL_SYNTHESIS_REGISTER_RETIMING=ON --set=PHYSICAL_SYNTHESIS_EFFORT=EXTRA --set="FMAX_REQUIREMENT=80 MHz" --set="RESERVE_NCEO_AFTER_CONFIGURATION=USE AS REGULAR IO" --set="CYCLONEII_RESERVE_NCEO_AFTER_CONFIGURATION=USE AS REGULAR IO" or1420SingleCore
quartus_asm or1420SingleCore
quartus_sta or1420SingleCore



