------------------------------------------------------------
Timing Analyzer Summary
------------------------------------------------------------

Type  : Slow 1200mV 85C Model Setup 'clk2'
Slack : -4.309
TNS   : -68.944

Type  : Slow 1200mV 85C Model Setup 'altpll_component|auto_generated|pll1|clk[2]'
Slack : -3.968
TNS   : -31.529

Type  : Slow 1200mV 85C Model Setup 'clk1'
Slack : -3.799
TNS   : -18.812

Type  : Slow 1200mV 85C Model Setup 'altpll_component|auto_generated|pll1|clk[0]'
Slack : -0.207
TNS   : -1.254

Type  : Slow 1200mV 85C Model Setup 'altpll_component|auto_generated|pll1|clk[3]'
Slack : 0.483
TNS   : 0.000

Type  : Slow 1200mV 85C Model Setup 'altpll_component|auto_generated|pll1|clk[1]'
Slack : 3.353
TNS   : 0.000

Type  : Slow 1200mV 85C Model Hold 'altpll_component|auto_generated|pll1|clk[2]'
Slack : 0.399
TNS   : 0.000

Type  : Slow 1200mV 85C Model Hold 'altpll_component|auto_generated|pll1|clk[0]'
Slack : 0.451
TNS   : 0.000

Type  : Slow 1200mV 85C Model Hold 'altpll_component|auto_generated|pll1|clk[3]'
Slack : 0.452
TNS   : 0.000

Type  : Slow 1200mV 85C Model Hold 'altpll_component|auto_generated|pll1|clk[1]'
Slack : 0.464
TNS   : 0.000

Type  : Slow 1200mV 85C Model Hold 'clk2'
Slack : 0.759
TNS   : 0.000

Type  : Slow 1200mV 85C Model Hold 'clk1'
Slack : 1.326
TNS   : 0.000

Type  : Slow 1200mV 85C Model Recovery 'clk1'
Slack : -5.486
TNS   : -12.832

Type  : Slow 1200mV 85C Model Recovery 'clk2'
Slack : -4.453
TNS   : -4.453

Type  : Slow 1200mV 85C Model Recovery 'altpll_component|auto_generated|pll1|clk[2]'
Slack : -3.743
TNS   : -3.743

Type  : Slow 1200mV 85C Model Recovery 'altpll_component|auto_generated|pll1|clk[0]'
Slack : 9.098
TNS   : 0.000

Type  : Slow 1200mV 85C Model Removal 'altpll_component|auto_generated|pll1|clk[0]'
Slack : 1.299
TNS   : 0.000

Type  : Slow 1200mV 85C Model Removal 'clk2'
Slack : 2.414
TNS   : 0.000

Type  : Slow 1200mV 85C Model Removal 'altpll_component|auto_generated|pll1|clk[2]'
Slack : 2.516
TNS   : 0.000

Type  : Slow 1200mV 85C Model Removal 'clk1'
Slack : 2.544
TNS   : 0.000

Type  : Slow 1200mV 85C Model Minimum Pulse Width 'altpll_component|auto_generated|pll1|clk[3]'
Slack : 3.056
TNS   : 0.000

Type  : Slow 1200mV 85C Model Minimum Pulse Width 'altpll_component|auto_generated|pll1|clk[1]'
Slack : 3.057
TNS   : 0.000

Type  : Slow 1200mV 85C Model Minimum Pulse Width 'altpll_component|auto_generated|pll1|clk[2]'
Slack : 6.293
TNS   : 0.000

Type  : Slow 1200mV 85C Model Minimum Pulse Width 'altpll_component|auto_generated|pll1|clk[0]'
Slack : 6.421
TNS   : 0.000

Type  : Slow 1200mV 85C Model Minimum Pulse Width 'clk2'
Slack : 9.759
TNS   : 0.000

Type  : Slow 1200mV 85C Model Minimum Pulse Width 'clk1'
Slack : 41.426
TNS   : 0.000

Type  : Slow 1200mV 0C Model Setup 'clk2'
Slack : -4.300
TNS   : -68.800

Type  : Slow 1200mV 0C Model Setup 'clk1'
Slack : -3.832
TNS   : -18.677

Type  : Slow 1200mV 0C Model Setup 'altpll_component|auto_generated|pll1|clk[2]'
Slack : -3.472
TNS   : -8.193

Type  : Slow 1200mV 0C Model Setup 'altpll_component|auto_generated|pll1|clk[0]'
Slack : 0.727
TNS   : 0.000

Type  : Slow 1200mV 0C Model Setup 'altpll_component|auto_generated|pll1|clk[3]'
Slack : 1.037
TNS   : 0.000

Type  : Slow 1200mV 0C Model Setup 'altpll_component|auto_generated|pll1|clk[1]'
Slack : 3.549
TNS   : 0.000

Type  : Slow 1200mV 0C Model Hold 'altpll_component|auto_generated|pll1|clk[2]'
Slack : 0.380
TNS   : 0.000

Type  : Slow 1200mV 0C Model Hold 'altpll_component|auto_generated|pll1|clk[0]'
Slack : 0.399
TNS   : 0.000

Type  : Slow 1200mV 0C Model Hold 'altpll_component|auto_generated|pll1|clk[3]'
Slack : 0.401
TNS   : 0.000

Type  : Slow 1200mV 0C Model Hold 'altpll_component|auto_generated|pll1|clk[1]'
Slack : 0.415
TNS   : 0.000

Type  : Slow 1200mV 0C Model Hold 'clk2'
Slack : 0.703
TNS   : 0.000

Type  : Slow 1200mV 0C Model Hold 'clk1'
Slack : 1.208
TNS   : 0.000

Type  : Slow 1200mV 0C Model Recovery 'clk1'
Slack : -5.350
TNS   : -12.604

Type  : Slow 1200mV 0C Model Recovery 'clk2'
Slack : -4.441
TNS   : -4.441

Type  : Slow 1200mV 0C Model Recovery 'altpll_component|auto_generated|pll1|clk[2]'
Slack : -3.181
TNS   : -3.181

Type  : Slow 1200mV 0C Model Recovery 'altpll_component|auto_generated|pll1|clk[0]'
Slack : 9.400
TNS   : 0.000

Type  : Slow 1200mV 0C Model Removal 'altpll_component|auto_generated|pll1|clk[0]'
Slack : 1.177
TNS   : 0.000

Type  : Slow 1200mV 0C Model Removal 'altpll_component|auto_generated|pll1|clk[2]'
Slack : 2.229
TNS   : 0.000

Type  : Slow 1200mV 0C Model Removal 'clk2'
Slack : 2.419
TNS   : 0.000

Type  : Slow 1200mV 0C Model Removal 'clk1'
Slack : 2.497
TNS   : 0.000

Type  : Slow 1200mV 0C Model Minimum Pulse Width 'altpll_component|auto_generated|pll1|clk[1]'
Slack : 3.061
TNS   : 0.000

Type  : Slow 1200mV 0C Model Minimum Pulse Width 'altpll_component|auto_generated|pll1|clk[3]'
Slack : 3.061
TNS   : 0.000

Type  : Slow 1200mV 0C Model Minimum Pulse Width 'altpll_component|auto_generated|pll1|clk[2]'
Slack : 6.305
TNS   : 0.000

Type  : Slow 1200mV 0C Model Minimum Pulse Width 'altpll_component|auto_generated|pll1|clk[0]'
Slack : 6.426
TNS   : 0.000

Type  : Slow 1200mV 0C Model Minimum Pulse Width 'clk2'
Slack : 9.748
TNS   : 0.000

Type  : Slow 1200mV 0C Model Minimum Pulse Width 'clk1'
Slack : 41.415
TNS   : 0.000

Type  : Fast 1200mV 0C Model Setup 'clk2'
Slack : -2.055
TNS   : -32.880

Type  : Fast 1200mV 0C Model Setup 'altpll_component|auto_generated|pll1|clk[2]'
Slack : -1.962
TNS   : -2.982

Type  : Fast 1200mV 0C Model Setup 'clk1'
Slack : -1.471
TNS   : -6.953

Type  : Fast 1200mV 0C Model Setup 'altpll_component|auto_generated|pll1|clk[3]'
Slack : 4.055
TNS   : 0.000

Type  : Fast 1200mV 0C Model Setup 'altpll_component|auto_generated|pll1|clk[0]'
Slack : 4.362
TNS   : 0.000

Type  : Fast 1200mV 0C Model Setup 'altpll_component|auto_generated|pll1|clk[1]'
Slack : 5.075
TNS   : 0.000

Type  : Fast 1200mV 0C Model Hold 'altpll_component|auto_generated|pll1|clk[2]'
Slack : 0.132
TNS   : 0.000

Type  : Fast 1200mV 0C Model Hold 'altpll_component|auto_generated|pll1|clk[0]'
Slack : 0.185
TNS   : 0.000

Type  : Fast 1200mV 0C Model Hold 'altpll_component|auto_generated|pll1|clk[3]'
Slack : 0.186
TNS   : 0.000

Type  : Fast 1200mV 0C Model Hold 'altpll_component|auto_generated|pll1|clk[1]'
Slack : 0.193
TNS   : 0.000

Type  : Fast 1200mV 0C Model Hold 'clk2'
Slack : 0.303
TNS   : 0.000

Type  : Fast 1200mV 0C Model Hold 'clk1'
Slack : 0.502
TNS   : 0.000

Type  : Fast 1200mV 0C Model Recovery 'clk2'
Slack : -2.014
TNS   : -2.014

Type  : Fast 1200mV 0C Model Recovery 'clk1'
Slack : -2.004
TNS   : -4.573

Type  : Fast 1200mV 0C Model Recovery 'altpll_component|auto_generated|pll1|clk[2]'
Slack : -1.428
TNS   : -1.428

Type  : Fast 1200mV 0C Model Recovery 'altpll_component|auto_generated|pll1|clk[0]'
Slack : 11.376
TNS   : 0.000

Type  : Fast 1200mV 0C Model Removal 'altpll_component|auto_generated|pll1|clk[0]'
Slack : 0.535
TNS   : 0.000

Type  : Fast 1200mV 0C Model Removal 'clk2'
Slack : 0.861
TNS   : 0.000

Type  : Fast 1200mV 0C Model Removal 'clk1'
Slack : 0.881
TNS   : 0.000

Type  : Fast 1200mV 0C Model Removal 'altpll_component|auto_generated|pll1|clk[2]'
Slack : 1.055
TNS   : 0.000

Type  : Fast 1200mV 0C Model Minimum Pulse Width 'altpll_component|auto_generated|pll1|clk[1]'
Slack : 3.150
TNS   : 0.000

Type  : Fast 1200mV 0C Model Minimum Pulse Width 'altpll_component|auto_generated|pll1|clk[3]'
Slack : 3.150
TNS   : 0.000

Type  : Fast 1200mV 0C Model Minimum Pulse Width 'altpll_component|auto_generated|pll1|clk[2]'
Slack : 6.482
TNS   : 0.000

Type  : Fast 1200mV 0C Model Minimum Pulse Width 'altpll_component|auto_generated|pll1|clk[0]'
Slack : 6.485
TNS   : 0.000

Type  : Fast 1200mV 0C Model Minimum Pulse Width 'clk2'
Slack : 9.446
TNS   : 0.000

Type  : Fast 1200mV 0C Model Minimum Pulse Width 'clk1'
Slack : 41.112
TNS   : 0.000

------------------------------------------------------------
