------------------------------------------------------------
Timing Analyzer Summary
------------------------------------------------------------

Type  : Slow 1200mV 85C Model Setup 'clk2'
Slack : -4.397
TNS   : -70.352

Type  : Slow 1200mV 85C Model Setup 'altpll_component|auto_generated|pll1|clk[2]'
Slack : -3.981
TNS   : -45.502

Type  : Slow 1200mV 85C Model Setup 'clk1'
Slack : -3.714
TNS   : -17.608

Type  : Slow 1200mV 85C Model Setup 'altpll_component|auto_generated|pll1|clk[0]'
Slack : -0.299
TNS   : -1.747

Type  : Slow 1200mV 85C Model Setup 'altpll_component|auto_generated|pll1|clk[3]'
Slack : 0.493
TNS   : 0.000

Type  : Slow 1200mV 85C Model Setup 'altpll_component|auto_generated|pll1|clk[1]'
Slack : 3.372
TNS   : 0.000

Type  : Slow 1200mV 85C Model Hold 'altpll_component|auto_generated|pll1|clk[2]'
Slack : 0.393
TNS   : 0.000

Type  : Slow 1200mV 85C Model Hold 'altpll_component|auto_generated|pll1|clk[0]'
Slack : 0.451
TNS   : 0.000

Type  : Slow 1200mV 85C Model Hold 'altpll_component|auto_generated|pll1|clk[3]'
Slack : 0.451
TNS   : 0.000

Type  : Slow 1200mV 85C Model Hold 'altpll_component|auto_generated|pll1|clk[1]'
Slack : 0.464
TNS   : 0.000

Type  : Slow 1200mV 85C Model Hold 'clk1'
Slack : 0.698
TNS   : 0.000

Type  : Slow 1200mV 85C Model Hold 'clk2'
Slack : 0.760
TNS   : 0.000

Type  : Slow 1200mV 85C Model Recovery 'clk1'
Slack : -5.487
TNS   : -12.341

Type  : Slow 1200mV 85C Model Recovery 'altpll_component|auto_generated|pll1|clk[2]'
Slack : -4.316
TNS   : -4.316

Type  : Slow 1200mV 85C Model Recovery 'clk2'
Slack : -4.149
TNS   : -4.149

Type  : Slow 1200mV 85C Model Recovery 'altpll_component|auto_generated|pll1|clk[0]'
Slack : 8.977
TNS   : 0.000

Type  : Slow 1200mV 85C Model Removal 'altpll_component|auto_generated|pll1|clk[0]'
Slack : 1.449
TNS   : 0.000

Type  : Slow 1200mV 85C Model Removal 'clk2'
Slack : 2.296
TNS   : 0.000

Type  : Slow 1200mV 85C Model Removal 'altpll_component|auto_generated|pll1|clk[2]'
Slack : 2.605
TNS   : 0.000

Type  : Slow 1200mV 85C Model Removal 'clk1'
Slack : 2.655
TNS   : 0.000

Type  : Slow 1200mV 85C Model Minimum Pulse Width 'altpll_component|auto_generated|pll1|clk[1]'
Slack : 3.056
TNS   : 0.000

Type  : Slow 1200mV 85C Model Minimum Pulse Width 'altpll_component|auto_generated|pll1|clk[3]'
Slack : 3.056
TNS   : 0.000

Type  : Slow 1200mV 85C Model Minimum Pulse Width 'altpll_component|auto_generated|pll1|clk[2]'
Slack : 6.293
TNS   : 0.000

Type  : Slow 1200mV 85C Model Minimum Pulse Width 'altpll_component|auto_generated|pll1|clk[0]'
Slack : 6.422
TNS   : 0.000

Type  : Slow 1200mV 85C Model Minimum Pulse Width 'clk2'
Slack : 9.756
TNS   : 0.000

Type  : Slow 1200mV 85C Model Minimum Pulse Width 'clk1'
Slack : 41.424
TNS   : 0.000

Type  : Slow 1200mV 0C Model Setup 'clk2'
Slack : -4.419
TNS   : -70.704

Type  : Slow 1200mV 0C Model Setup 'clk1'
Slack : -3.737
TNS   : -17.773

Type  : Slow 1200mV 0C Model Setup 'altpll_component|auto_generated|pll1|clk[2]'
Slack : -3.484
TNS   : -9.402

Type  : Slow 1200mV 0C Model Setup 'altpll_component|auto_generated|pll1|clk[0]'
Slack : 0.706
TNS   : 0.000

Type  : Slow 1200mV 0C Model Setup 'altpll_component|auto_generated|pll1|clk[3]'
Slack : 0.987
TNS   : 0.000

Type  : Slow 1200mV 0C Model Setup 'altpll_component|auto_generated|pll1|clk[1]'
Slack : 3.606
TNS   : 0.000

Type  : Slow 1200mV 0C Model Hold 'altpll_component|auto_generated|pll1|clk[2]'
Slack : 0.377
TNS   : 0.000

Type  : Slow 1200mV 0C Model Hold 'altpll_component|auto_generated|pll1|clk[0]'
Slack : 0.399
TNS   : 0.000

Type  : Slow 1200mV 0C Model Hold 'altpll_component|auto_generated|pll1|clk[3]'
Slack : 0.400
TNS   : 0.000

Type  : Slow 1200mV 0C Model Hold 'altpll_component|auto_generated|pll1|clk[1]'
Slack : 0.416
TNS   : 0.000

Type  : Slow 1200mV 0C Model Hold 'clk1'
Slack : 0.645
TNS   : 0.000

Type  : Slow 1200mV 0C Model Hold 'clk2'
Slack : 0.704
TNS   : 0.000

Type  : Slow 1200mV 0C Model Recovery 'clk1'
Slack : -5.353
TNS   : -12.255

Type  : Slow 1200mV 0C Model Recovery 'clk2'
Slack : -4.180
TNS   : -4.180

Type  : Slow 1200mV 0C Model Recovery 'altpll_component|auto_generated|pll1|clk[2]'
Slack : -3.720
TNS   : -3.720

Type  : Slow 1200mV 0C Model Recovery 'altpll_component|auto_generated|pll1|clk[0]'
Slack : 9.303
TNS   : 0.000

Type  : Slow 1200mV 0C Model Removal 'altpll_component|auto_generated|pll1|clk[0]'
Slack : 1.303
TNS   : 0.000

Type  : Slow 1200mV 0C Model Removal 'clk2'
Slack : 2.300
TNS   : 0.000

Type  : Slow 1200mV 0C Model Removal 'altpll_component|auto_generated|pll1|clk[2]'
Slack : 2.370
TNS   : 0.000

Type  : Slow 1200mV 0C Model Removal 'clk1'
Slack : 2.518
TNS   : 0.000

Type  : Slow 1200mV 0C Model Minimum Pulse Width 'altpll_component|auto_generated|pll1|clk[3]'
Slack : 3.061
TNS   : 0.000

Type  : Slow 1200mV 0C Model Minimum Pulse Width 'altpll_component|auto_generated|pll1|clk[1]'
Slack : 3.063
TNS   : 0.000

Type  : Slow 1200mV 0C Model Minimum Pulse Width 'altpll_component|auto_generated|pll1|clk[2]'
Slack : 6.305
TNS   : 0.000

Type  : Slow 1200mV 0C Model Minimum Pulse Width 'altpll_component|auto_generated|pll1|clk[0]'
Slack : 6.430
TNS   : 0.000

Type  : Slow 1200mV 0C Model Minimum Pulse Width 'clk2'
Slack : 9.749
TNS   : 0.000

Type  : Slow 1200mV 0C Model Minimum Pulse Width 'clk1'
Slack : 41.413
TNS   : 0.000

Type  : Fast 1200mV 0C Model Setup 'altpll_component|auto_generated|pll1|clk[2]'
Slack : -1.969
TNS   : -2.965

Type  : Fast 1200mV 0C Model Setup 'clk2'
Slack : -1.967
TNS   : -31.472

Type  : Fast 1200mV 0C Model Setup 'clk1'
Slack : -1.362
TNS   : -5.510

Type  : Fast 1200mV 0C Model Setup 'altpll_component|auto_generated|pll1|clk[3]'
Slack : 4.012
TNS   : 0.000

Type  : Fast 1200mV 0C Model Setup 'altpll_component|auto_generated|pll1|clk[0]'
Slack : 4.431
TNS   : 0.000

Type  : Fast 1200mV 0C Model Setup 'altpll_component|auto_generated|pll1|clk[1]'
Slack : 5.115
TNS   : 0.000

Type  : Fast 1200mV 0C Model Hold 'altpll_component|auto_generated|pll1|clk[2]'
Slack : 0.133
TNS   : 0.000

Type  : Fast 1200mV 0C Model Hold 'altpll_component|auto_generated|pll1|clk[0]'
Slack : 0.185
TNS   : 0.000

Type  : Fast 1200mV 0C Model Hold 'altpll_component|auto_generated|pll1|clk[3]'
Slack : 0.186
TNS   : 0.000

Type  : Fast 1200mV 0C Model Hold 'altpll_component|auto_generated|pll1|clk[1]'
Slack : 0.193
TNS   : 0.000

Type  : Fast 1200mV 0C Model Hold 'clk1'
Slack : 0.267
TNS   : 0.000

Type  : Fast 1200mV 0C Model Hold 'clk2'
Slack : 0.304
TNS   : 0.000

Type  : Fast 1200mV 0C Model Recovery 'clk1'
Slack : -2.121
TNS   : -4.255

Type  : Fast 1200mV 0C Model Recovery 'clk2'
Slack : -1.871
TNS   : -1.871

Type  : Fast 1200mV 0C Model Recovery 'altpll_component|auto_generated|pll1|clk[2]'
Slack : -1.657
TNS   : -1.657

Type  : Fast 1200mV 0C Model Recovery 'altpll_component|auto_generated|pll1|clk[0]'
Slack : 11.413
TNS   : 0.000

Type  : Fast 1200mV 0C Model Removal 'altpll_component|auto_generated|pll1|clk[0]'
Slack : 0.603
TNS   : 0.000

Type  : Fast 1200mV 0C Model Removal 'clk2'
Slack : 0.837
TNS   : 0.000

Type  : Fast 1200mV 0C Model Removal 'clk1'
Slack : 0.875
TNS   : 0.000

Type  : Fast 1200mV 0C Model Removal 'altpll_component|auto_generated|pll1|clk[2]'
Slack : 1.114
TNS   : 0.000

Type  : Fast 1200mV 0C Model Minimum Pulse Width 'altpll_component|auto_generated|pll1|clk[1]'
Slack : 3.149
TNS   : 0.000

Type  : Fast 1200mV 0C Model Minimum Pulse Width 'altpll_component|auto_generated|pll1|clk[3]'
Slack : 3.150
TNS   : 0.000

Type  : Fast 1200mV 0C Model Minimum Pulse Width 'altpll_component|auto_generated|pll1|clk[2]'
Slack : 6.483
TNS   : 0.000

Type  : Fast 1200mV 0C Model Minimum Pulse Width 'altpll_component|auto_generated|pll1|clk[0]'
Slack : 6.484
TNS   : 0.000

Type  : Fast 1200mV 0C Model Minimum Pulse Width 'clk2'
Slack : 9.446
TNS   : 0.000

Type  : Fast 1200mV 0C Model Minimum Pulse Width 'clk1'
Slack : 41.111
TNS   : 0.000

------------------------------------------------------------
